// Jest Snapshot v1, https://goo.gl/fbAQLP

exports[`test <InputErroMensagem> renders component 1`] = `
<InputErroMensagem>
  <div
    className="error-or-warning-message"
  />
</InputErroMensagem>
`;
